[0.085s] DEBUG:colcon:Command line arguments: ['/usr/bin/colcon', 'build']
[0.085s] DEBUG:colcon:Parsed command line arguments: Namespace(log_base=None, log_level=None, verb_name='build', build_base='build', install_base='install', merge_install=False, symlink_install=False, test_result_base=None, continue_on_error=False, executor='parallel', parallel_workers=16, event_handlers=None, ignore_user_meta=False, metas=['./colcon.meta'], base_paths=['.'], packages_ignore=None, packages_ignore_regex=None, paths=None, packages_up_to=None, packages_up_to_regex=None, packages_above=None, packages_above_and_dependencies=None, packages_above_depth=None, packages_select_by_dep=None, packages_skip_by_dep=None, packages_skip_up_to=None, packages_select_build_failed=False, packages_skip_build_finished=False, packages_select_test_failures=False, packages_skip_test_passed=False, packages_select=None, packages_skip=None, packages_select_regex=None, packages_skip_regex=None, packages_start=None, packages_end=None, allow_overriding=[], cmake_args=None, cmake_target=None, cmake_target_skip_unavailable=False, cmake_clean_cache=False, cmake_clean_first=False, cmake_force_configure=False, ament_cmake_args=None, catkin_cmake_args=None, catkin_skip_building_tests=False, verb_parser=<colcon_defaults.argument_parser.defaults.DefaultArgumentsDecorator object at 0x7f7f5c22d150>, verb_extension=<colcon_core.verb.build.BuildVerb object at 0x7f7f5c22c310>, main=<bound method BuildVerb.main of <colcon_core.verb.build.BuildVerb object at 0x7f7f5c22c310>>)
[0.215s] Level 1:colcon.colcon_core.package_discovery:discover_packages(colcon_meta) check parameters
[0.215s] Level 1:colcon.colcon_core.package_discovery:discover_packages(recursive) check parameters
[0.215s] Level 1:colcon.colcon_core.package_discovery:discover_packages(ignore) check parameters
[0.215s] Level 1:colcon.colcon_core.package_discovery:discover_packages(path) check parameters
[0.215s] Level 1:colcon.colcon_core.package_discovery:discover_packages(colcon_meta) discover
[0.215s] Level 1:colcon.colcon_core.package_discovery:discover_packages(recursive) discover
[0.215s] INFO:colcon.colcon_core.package_discovery:Crawling recursively for packages in '/home/siddharth/ros2_ws/src/hexapod'
[0.216s] Level 1:colcon.colcon_core.package_identification:_identify(.) by extensions ['ignore', 'ignore_ament_install']
[0.216s] Level 1:colcon.colcon_core.package_identification:_identify(.) by extension 'ignore'
[0.216s] Level 1:colcon.colcon_core.package_identification:_identify(.) by extension 'ignore_ament_install'
[0.216s] Level 1:colcon.colcon_core.package_identification:_identify(.) by extensions ['colcon_pkg']
[0.216s] Level 1:colcon.colcon_core.package_identification:_identify(.) by extension 'colcon_pkg'
[0.216s] Level 1:colcon.colcon_core.package_identification:_identify(.) by extensions ['colcon_meta']
[0.216s] Level 1:colcon.colcon_core.package_identification:_identify(.) by extension 'colcon_meta'
[0.216s] Level 1:colcon.colcon_core.package_identification:_identify(.) by extensions ['ros']
[0.216s] Level 1:colcon.colcon_core.package_identification:_identify(.) by extension 'ros'
[0.227s] DEBUG:colcon.colcon_core.package_identification:Package '.' with type 'ros.ament_python' and name 'hexapod'
[0.227s] Level 1:colcon.colcon_core.package_discovery:discover_packages(recursive) using defaults
[0.227s] Level 1:colcon.colcon_core.package_discovery:discover_packages(ignore) discover
[0.227s] Level 1:colcon.colcon_core.package_discovery:discover_packages(ignore) using defaults
[0.227s] Level 1:colcon.colcon_core.package_discovery:discover_packages(path) discover
[0.227s] Level 1:colcon.colcon_core.package_discovery:discover_packages(path) using defaults
[0.243s] Level 1:colcon.colcon_core.package_discovery:discover_packages(prefix_path) check parameters
[0.243s] Level 1:colcon.colcon_core.package_discovery:discover_packages(prefix_path) discover
[0.245s] DEBUG:colcon.colcon_installed_package_information.package_discovery:Found 1 installed packages in /home/siddharth/ros2_ws/src/hexapod/install
[0.246s] DEBUG:colcon.colcon_installed_package_information.package_discovery:Found 14 installed packages in /home/siddharth/pico_ws/install
[0.247s] DEBUG:colcon.colcon_installed_package_information.package_discovery:Found 6 installed packages in /home/siddharth/ros2_ws/install
[0.248s] DEBUG:colcon.colcon_installed_package_information.package_discovery:Found 299 installed packages in /opt/ros/humble
[0.260s] Level 1:colcon.colcon_core.package_discovery:discover_packages(prefix_path) using defaults
[0.291s] Level 5:colcon.colcon_core.verb:set package 'hexapod' build argument 'cmake_args' from command line to 'None'
[0.291s] Level 5:colcon.colcon_core.verb:set package 'hexapod' build argument 'cmake_target' from command line to 'None'
[0.291s] Level 5:colcon.colcon_core.verb:set package 'hexapod' build argument 'cmake_target_skip_unavailable' from command line to 'False'
[0.291s] Level 5:colcon.colcon_core.verb:set package 'hexapod' build argument 'cmake_clean_cache' from command line to 'False'
[0.291s] Level 5:colcon.colcon_core.verb:set package 'hexapod' build argument 'cmake_clean_first' from command line to 'False'
[0.291s] Level 5:colcon.colcon_core.verb:set package 'hexapod' build argument 'cmake_force_configure' from command line to 'False'
[0.291s] Level 5:colcon.colcon_core.verb:set package 'hexapod' build argument 'ament_cmake_args' from command line to 'None'
[0.291s] Level 5:colcon.colcon_core.verb:set package 'hexapod' build argument 'catkin_cmake_args' from command line to 'None'
[0.291s] Level 5:colcon.colcon_core.verb:set package 'hexapod' build argument 'catkin_skip_building_tests' from command line to 'False'
[0.291s] DEBUG:colcon.colcon_core.verb:Building package 'hexapod' with the following arguments: {'ament_cmake_args': None, 'build_base': '/home/siddharth/ros2_ws/src/hexapod/build/hexapod', 'catkin_cmake_args': None, 'catkin_skip_building_tests': False, 'cmake_args': None, 'cmake_clean_cache': False, 'cmake_clean_first': False, 'cmake_force_configure': False, 'cmake_target': None, 'cmake_target_skip_unavailable': False, 'install_base': '/home/siddharth/ros2_ws/src/hexapod/install/hexapod', 'merge_install': False, 'path': '/home/siddharth/ros2_ws/src/hexapod', 'symlink_install': False, 'test_result_base': None}
[0.291s] INFO:colcon.colcon_core.executor:Executing jobs using 'parallel' executor
[0.292s] DEBUG:colcon.colcon_parallel_executor.executor.parallel:run_until_complete
[0.292s] INFO:colcon.colcon_ros.task.ament_python.build:Building ROS package in '/home/siddharth/ros2_ws/src/hexapod' with build type 'ament_python'
[0.293s] Level 1:colcon.colcon_core.shell:create_environment_hook('hexapod', 'ament_prefix_path')
[0.295s] INFO:colcon.colcon_core.plugin_system:Skipping extension 'colcon_core.shell.bat': Not used on non-Windows systems
[0.295s] INFO:colcon.colcon_core.shell:Creating environment hook '/home/siddharth/ros2_ws/src/hexapod/install/hexapod/share/hexapod/hook/ament_prefix_path.ps1'
[0.295s] INFO:colcon.colcon_core.shell:Creating environment descriptor '/home/siddharth/ros2_ws/src/hexapod/install/hexapod/share/hexapod/hook/ament_prefix_path.dsv'
[0.296s] INFO:colcon.colcon_core.shell:Creating environment hook '/home/siddharth/ros2_ws/src/hexapod/install/hexapod/share/hexapod/hook/ament_prefix_path.sh'
[0.296s] INFO:colcon.colcon_core.shell:Skip shell extension 'powershell' for command environment: Not usable outside of PowerShell
[0.296s] DEBUG:colcon.colcon_core.shell:Skip shell extension 'dsv' for command environment
[0.511s] INFO:colcon.colcon_core.task.python.build:Building Python package in '/home/siddharth/ros2_ws/src/hexapod'
[0.511s] INFO:colcon.colcon_core.shell:Skip shell extension 'powershell' for command environment: Not usable outside of PowerShell
[0.511s] DEBUG:colcon.colcon_core.shell:Skip shell extension 'dsv' for command environment
[0.828s] DEBUG:colcon.colcon_core.event_handler.log_command:Invoking command in '/home/siddharth/ros2_ws/src/hexapod': PYTHONPATH=/home/siddharth/ros2_ws/src/hexapod/build/hexapod/prefix_override:/usr/lib/python3/dist-packages/colcon_core/task/python/colcon_distutils_commands:/home/siddharth/ros2_ws/src/hexapod/install/hexapod/lib/python3.10/site-packages:${PYTHONPATH} /usr/bin/python3 -W ignore:setup.py install is deprecated setup.py egg_info --egg-base build/hexapod build --build-base /home/siddharth/ros2_ws/src/hexapod/build/hexapod/build install --record /home/siddharth/ros2_ws/src/hexapod/build/hexapod/install.log --single-version-externally-managed install_data
[1.067s] DEBUG:colcon.colcon_core.event_handler.log_command:Invoked command in '/home/siddharth/ros2_ws/src/hexapod' returned '0': PYTHONPATH=/home/siddharth/ros2_ws/src/hexapod/build/hexapod/prefix_override:/usr/lib/python3/dist-packages/colcon_core/task/python/colcon_distutils_commands:/home/siddharth/ros2_ws/src/hexapod/install/hexapod/lib/python3.10/site-packages:${PYTHONPATH} /usr/bin/python3 -W ignore:setup.py install is deprecated setup.py egg_info --egg-base build/hexapod build --build-base /home/siddharth/ros2_ws/src/hexapod/build/hexapod/build install --record /home/siddharth/ros2_ws/src/hexapod/build/hexapod/install.log --single-version-externally-managed install_data
[1.069s] Level 1:colcon.colcon_core.environment:checking '/home/siddharth/ros2_ws/src/hexapod/install/hexapod' for CMake module files
[1.069s] Level 1:colcon.colcon_core.environment:checking '/home/siddharth/ros2_ws/src/hexapod/install/hexapod' for CMake config files
[1.070s] Level 1:colcon.colcon_core.environment:checking '/home/siddharth/ros2_ws/src/hexapod/install/hexapod/lib'
[1.070s] Level 1:colcon.colcon_core.environment:checking '/home/siddharth/ros2_ws/src/hexapod/install/hexapod/bin'
[1.070s] Level 1:colcon.colcon_core.environment:checking '/home/siddharth/ros2_ws/src/hexapod/install/hexapod/lib/pkgconfig/hexapod.pc'
[1.070s] Level 1:colcon.colcon_core.environment:checking '/home/siddharth/ros2_ws/src/hexapod/install/hexapod/lib/python3.10/site-packages'
[1.070s] Level 1:colcon.colcon_core.shell:create_environment_hook('hexapod', 'pythonpath')
[1.071s] INFO:colcon.colcon_core.shell:Creating environment hook '/home/siddharth/ros2_ws/src/hexapod/install/hexapod/share/hexapod/hook/pythonpath.ps1'
[1.071s] INFO:colcon.colcon_core.shell:Creating environment descriptor '/home/siddharth/ros2_ws/src/hexapod/install/hexapod/share/hexapod/hook/pythonpath.dsv'
[1.071s] INFO:colcon.colcon_core.shell:Creating environment hook '/home/siddharth/ros2_ws/src/hexapod/install/hexapod/share/hexapod/hook/pythonpath.sh'
[1.072s] Level 1:colcon.colcon_core.environment:checking '/home/siddharth/ros2_ws/src/hexapod/install/hexapod/bin'
[1.072s] Level 1:colcon.colcon_core.environment:create_environment_scripts_only(hexapod)
[1.072s] INFO:colcon.colcon_core.shell:Creating package script '/home/siddharth/ros2_ws/src/hexapod/install/hexapod/share/hexapod/package.ps1'
[1.073s] INFO:colcon.colcon_core.shell:Creating package descriptor '/home/siddharth/ros2_ws/src/hexapod/install/hexapod/share/hexapod/package.dsv'
[1.073s] INFO:colcon.colcon_core.shell:Creating package script '/home/siddharth/ros2_ws/src/hexapod/install/hexapod/share/hexapod/package.sh'
[1.074s] INFO:colcon.colcon_core.shell:Creating package script '/home/siddharth/ros2_ws/src/hexapod/install/hexapod/share/hexapod/package.bash'
[1.074s] INFO:colcon.colcon_core.shell:Creating package script '/home/siddharth/ros2_ws/src/hexapod/install/hexapod/share/hexapod/package.zsh'
[1.075s] Level 1:colcon.colcon_core.environment:create_file_with_runtime_dependencies(/home/siddharth/ros2_ws/src/hexapod/install/hexapod/share/colcon-core/packages/hexapod)
[1.075s] DEBUG:colcon.colcon_parallel_executor.executor.parallel:closing loop
[1.076s] DEBUG:colcon.colcon_parallel_executor.executor.parallel:loop closed
[1.076s] DEBUG:colcon.colcon_parallel_executor.executor.parallel:run_until_complete finished with '0'
[1.076s] DEBUG:colcon.colcon_core.event_reactor:joining thread
[1.080s] INFO:colcon.colcon_core.plugin_system:Skipping extension 'colcon_notification.desktop_notification.terminal_notifier': Not used on non-Darwin systems
[1.080s] INFO:colcon.colcon_core.plugin_system:Skipping extension 'colcon_notification.desktop_notification.win32': Not used on non-Windows systems
[1.080s] INFO:colcon.colcon_notification.desktop_notification:Sending desktop notification using 'notify2'
[1.091s] DEBUG:colcon.colcon_core.event_reactor:joined thread
[1.092s] INFO:colcon.colcon_core.shell:Creating prefix script '/home/siddharth/ros2_ws/src/hexapod/install/local_setup.ps1'
[1.093s] INFO:colcon.colcon_core.shell:Creating prefix util module '/home/siddharth/ros2_ws/src/hexapod/install/_local_setup_util_ps1.py'
[1.094s] INFO:colcon.colcon_core.shell:Creating prefix chain script '/home/siddharth/ros2_ws/src/hexapod/install/setup.ps1'
[1.095s] INFO:colcon.colcon_core.shell:Creating prefix script '/home/siddharth/ros2_ws/src/hexapod/install/local_setup.sh'
[1.096s] INFO:colcon.colcon_core.shell:Creating prefix util module '/home/siddharth/ros2_ws/src/hexapod/install/_local_setup_util_sh.py'
[1.096s] INFO:colcon.colcon_core.shell:Creating prefix chain script '/home/siddharth/ros2_ws/src/hexapod/install/setup.sh'
[1.098s] INFO:colcon.colcon_core.shell:Creating prefix script '/home/siddharth/ros2_ws/src/hexapod/install/local_setup.bash'
[1.098s] INFO:colcon.colcon_core.shell:Creating prefix chain script '/home/siddharth/ros2_ws/src/hexapod/install/setup.bash'
[1.100s] INFO:colcon.colcon_core.shell:Creating prefix script '/home/siddharth/ros2_ws/src/hexapod/install/local_setup.zsh'
[1.100s] INFO:colcon.colcon_core.shell:Creating prefix chain script '/home/siddharth/ros2_ws/src/hexapod/install/setup.zsh'
