running egg_info
creating build/hexapod/hexapod.egg-info
writing build/hexapod/hexapod.egg-info/PKG-INFO
writing dependency_links to build/hexapod/hexapod.egg-info/dependency_links.txt
writing entry points to build/hexapod/hexapod.egg-info/entry_points.txt
writing requirements to build/hexapod/hexapod.egg-info/requires.txt
writing top-level names to build/hexapod/hexapod.egg-info/top_level.txt
writing manifest file 'build/hexapod/hexapod.egg-info/SOURCES.txt'
reading manifest file 'build/hexapod/hexapod.egg-info/SOURCES.txt'
writing manifest file 'build/hexapod/hexapod.egg-info/SOURCES.txt'
running build
running build_py
creating /home/siddharth/ros2_ws/src/hexapod/build/hexapod/build
creating /home/siddharth/ros2_ws/src/hexapod/build/hexapod/build/lib
creating /home/siddharth/ros2_ws/src/hexapod/build/hexapod/build/lib/hexapod
copying hexapod/cmd_vel_publisher.py -> /home/siddharth/ros2_ws/src/hexapod/build/hexapod/build/lib/hexapod
copying hexapod/auto_control.py -> /home/siddharth/ros2_ws/src/hexapod/build/hexapod/build/lib/hexapod
copying hexapod/__init__.py -> /home/siddharth/ros2_ws/src/hexapod/build/hexapod/build/lib/hexapod
copying hexapod/odom_publisher.py -> /home/siddharth/ros2_ws/src/hexapod/build/hexapod/build/lib/hexapod
copying hexapod/teleop_control.py -> /home/siddharth/ros2_ws/src/hexapod/build/hexapod/build/lib/hexapod
running install
running install_lib
creating /home/siddharth/ros2_ws/src/hexapod/install/hexapod/lib/python3.10/site-packages/hexapod
copying /home/siddharth/ros2_ws/src/hexapod/build/hexapod/build/lib/hexapod/cmd_vel_publisher.py -> /home/siddharth/ros2_ws/src/hexapod/install/hexapod/lib/python3.10/site-packages/hexapod
copying /home/siddharth/ros2_ws/src/hexapod/build/hexapod/build/lib/hexapod/auto_control.py -> /home/siddharth/ros2_ws/src/hexapod/install/hexapod/lib/python3.10/site-packages/hexapod
copying /home/siddharth/ros2_ws/src/hexapod/build/hexapod/build/lib/hexapod/__init__.py -> /home/siddharth/ros2_ws/src/hexapod/install/hexapod/lib/python3.10/site-packages/hexapod
copying /home/siddharth/ros2_ws/src/hexapod/build/hexapod/build/lib/hexapod/odom_publisher.py -> /home/siddharth/ros2_ws/src/hexapod/install/hexapod/lib/python3.10/site-packages/hexapod
copying /home/siddharth/ros2_ws/src/hexapod/build/hexapod/build/lib/hexapod/teleop_control.py -> /home/siddharth/ros2_ws/src/hexapod/install/hexapod/lib/python3.10/site-packages/hexapod
byte-compiling /home/siddharth/ros2_ws/src/hexapod/install/hexapod/lib/python3.10/site-packages/hexapod/cmd_vel_publisher.py to cmd_vel_publisher.cpython-310.pyc
byte-compiling /home/siddharth/ros2_ws/src/hexapod/install/hexapod/lib/python3.10/site-packages/hexapod/auto_control.py to auto_control.cpython-310.pyc
byte-compiling /home/siddharth/ros2_ws/src/hexapod/install/hexapod/lib/python3.10/site-packages/hexapod/__init__.py to __init__.cpython-310.pyc
byte-compiling /home/siddharth/ros2_ws/src/hexapod/install/hexapod/lib/python3.10/site-packages/hexapod/odom_publisher.py to odom_publisher.cpython-310.pyc
byte-compiling /home/siddharth/ros2_ws/src/hexapod/install/hexapod/lib/python3.10/site-packages/hexapod/teleop_control.py to teleop_control.cpython-310.pyc
running install_data
creating /home/siddharth/ros2_ws/src/hexapod/install/hexapod/share/ament_index
creating /home/siddharth/ros2_ws/src/hexapod/install/hexapod/share/ament_index/resource_index
creating /home/siddharth/ros2_ws/src/hexapod/install/hexapod/share/ament_index/resource_index/packages
copying resource/hexapod -> /home/siddharth/ros2_ws/src/hexapod/install/hexapod/share/ament_index/resource_index/packages
copying package.xml -> /home/siddharth/ros2_ws/src/hexapod/install/hexapod/share/hexapod
running install_egg_info
Copying build/hexapod/hexapod.egg-info to /home/siddharth/ros2_ws/src/hexapod/install/hexapod/lib/python3.10/site-packages/hexapod-0.0.0-py3.10.egg-info
running install_scripts
writing list of installed files to '/home/siddharth/ros2_ws/src/hexapod/build/hexapod/install.log'
